2025-10-18 08:03:00 | INFO | repo=course-sys-int-switchyard-seminar | action=commit
2025-05-05 21:15:00 | INFO | repo=course-sys-int-switchyard-seminar | action=commit
2025-08-06 21:47:00 | WARN | repo=course-sys-int-switchyard-seminar | action=commit
2025-11-09 13:25:00 | DEBUG | repo=course-sys-int-switchyard-seminar | action=edit | files=4
2025-07-12 16:51:00 | INFO | repo=course-sys-int-switchyard-seminar | action=edit | files=3
2025-07-13 19:17:00 | WARN | repo=course-sys-int-switchyard-seminar | action=commit
2025-03-25 08:24:00 | WARN | repo=course-sys-int-switchyard-seminar | action=commit
2025-04-11 07:35:00 | DEBUG | repo=course-sys-int-switchyard-seminar | action=commit
2025-10-19 07:32:00 | WARN | repo=course-sys-int-switchyard-seminar | action=test | passed=true
2025-09-08 08:21:00 | WARN | repo=course-sys-int-switchyard-seminar | action=commit
2025-11-03 17:24:00 | DEBUG | repo=course-sys-int-switchyard-seminar | action=commit
2025-10-22 21:16:00 | INFO | repo=course-sys-int-switchyard-seminar | action=commit
2025-05-26 13:46:00 | DEBUG | repo=course-sys-int-switchyard-seminar | action=commit
2025-10-05 19:38:00 | DEBUG | repo=course-sys-int-switchyard-seminar | action=commit
2025-02-19 19:46:00 | DEBUG | repo=course-sys-int-switchyard-seminar | action=commit
2025-08-14 16:41:00 | WARN | repo=course-sys-int-switchyard-seminar | action=commit
2025-03-07 12:03:00 | DEBUG | repo=course-sys-int-switchyard-seminar | action=commit
2025-04-18 21:08:00 | WARN | repo=course-sys-int-switchyard-seminar | action=commit
2025-06-14 16:39:00 | INFO | repo=course-sys-int-switchyard-seminar | action=commit
2025-07-04 11:36:00 | WARN | repo=course-sys-int-switchyard-seminar | action=test | passed=true
2025-07-22 20:10:00 | DEBUG | repo=course-sys-int-switchyard-seminar | action=commit
2025-04-15 14:28:00 | INFO | repo=course-sys-int-switchyard-seminar | action=commit
2025-04-15 12:12:00 | WARN | repo=course-sys-int-switchyard-seminar | action=commit
2025-01-11 08:13:00 | WARN | repo=course-sys-int-switchyard-seminar | action=commit
2025-08-24 10:31:00 | INFO | repo=course-sys-int-switchyard-seminar | action=commit
2025-07-01 07:54:00 | INFO | repo=course-sys-int-switchyard-seminar | action=test | passed=true
2025-12-14 20:00:00 | INFO | repo=course-sys-int-switchyard-seminar | action=test | passed=true
2025-02-06 14:55:00 | DEBUG | repo=course-sys-int-switchyard-seminar | action=pull
2025-01-03 19:49:00 | INFO | repo=course-sys-int-switchyard-seminar | action=commit
2025-03-14 13:13:00 | WARN | repo=course-sys-int-switchyard-seminar | action=commit
2025-09-24 14:00:00 | INFO | repo=course-sys-int-switchyard-seminar | action=commit
2025-11-13 08:51:00 | INFO | repo=course-sys-int-switchyard-seminar | action=commit
2025-12-20 10:30:00 | WARN | repo=course-sys-int-switchyard-seminar | action=edit | files=3
2025-09-23 16:24:00 | INFO | repo=course-sys-int-switchyard-seminar | action=commit
2025-04-13 21:12:00 | DEBUG | repo=course-sys-int-switchyard-seminar | action=commit
2025-02-20 12:50:00 | DEBUG | repo=course-sys-int-switchyard-seminar | action=commit
2025-03-04 15:56:00 | WARN | repo=course-sys-int-switchyard-seminar | action=commit
2025-05-27 17:06:00 | WARN | repo=course-sys-int-switchyard-seminar | action=commit
2025-05-09 13:02:00 | WARN | repo=course-sys-int-switchyard-seminar | action=edit | files=1
2025-11-27 16:26:00 | INFO | repo=course-sys-int-switchyard-seminar | action=test | passed=true
2025-10-16 15:35:00 | INFO | repo=course-sys-int-switchyard-seminar | action=commit
2025-12-14 18:22:00 | DEBUG | repo=course-sys-int-switchyard-seminar | action=commit
2025-02-03 17:41:00 | DEBUG | repo=course-sys-int-switchyard-seminar | action=commit
2025-10-24 15:44:00 | DEBUG | repo=course-sys-int-switchyard-seminar | action=commit
2025-06-22 08:18:00 | WARN | repo=course-sys-int-switchyard-seminar | action=commit
2025-01-15 18:06:00 | WARN | repo=course-sys-int-switchyard-seminar | action=commit
2025-01-25 21:24:00 | DEBUG | repo=course-sys-int-switchyard-seminar | action=commit
2025-12-17 09:34:00 | INFO | repo=course-sys-int-switchyard-seminar | action=commit
2025-01-06 21:38:00 | WARN | repo=course-sys-int-switchyard-seminar | action=commit
2025-05-06 07:52:00 | INFO | repo=course-sys-int-switchyard-seminar | action=commit
2025-01-26 21:17:00 | DEBUG | repo=course-sys-int-switchyard-seminar | action=commit
2025-11-08 16:10:00 | INFO | repo=course-sys-int-switchyard-seminar | action=test | passed=true
2025-08-23 14:14:00 | INFO | repo=course-sys-int-switchyard-seminar | action=commit
2025-04-25 08:33:00 | WARN | repo=course-sys-int-switchyard-seminar | action=pull
2025-09-08 14:26:00 | DEBUG | repo=course-sys-int-switchyard-seminar | action=commit
2025-11-04 21:57:00 | WARN | repo=course-sys-int-switchyard-seminar | action=commit
2025-09-12 17:54:00 | WARN | repo=course-sys-int-switchyard-seminar | action=commit
2025-09-19 19:40:00 | DEBUG | repo=course-sys-int-switchyard-seminar | action=commit
2025-02-04 11:41:00 | DEBUG | repo=course-sys-int-switchyard-seminar | action=test | passed=true
2025-07-28 08:01:00 | DEBUG | repo=course-sys-int-switchyard-seminar | action=commit
2025-07-13 19:05:00 | DEBUG | repo=course-sys-int-switchyard-seminar | action=commit
